(1, 2)
v=[1 2]
s=[1 2]
ms=[1 2 2]
mp=[{1: 2} {3: 10} {7: 20}]
q=[1 2]
pq=[5 2 1]
pqg=[1 2 5]
dq=[1 2]
st=[1 2]
(1, 2, 3)
76543210
00000101
mat=
[[1 2]
 [3 4]]
76543210  0 1 2 3 4
00000000 [1 1 1 1 1]
00000001 [1 1 1 1 1]
00000010 [1 1 1 1 1]
00000011 [1 1 1 1 1]
         0    1
   0 [   1    2]
   1 [   3    4]
v=[1 2]
s=[1 2]
v=[1 2]
s=[1 2]
ms=[1 2 2]
mp=[{1: 2} {3: 10} {7: 20}]
q=[1 2]
pq=[5 2 1]
dq=[1 2]
st=[1 2]
